INPUT:
language core;
extend with #exceptions, #exception-type-declaration;

fn main(n : Nat) -> Bool {
  return throw(succ(0))
}


STDOUT:
(empty)

STDERR:
ERROR_EXCEPTION_TYPE_NOT_DECLARED:
Error occured at <unknown>:5:9:
throw(succ(0))
throw used but no exception type has been declared

EXIT_CODE: 1
