INPUT:
language core;
extend with #universal-types;

generic fn f[T](t : T) -> Nat {
  return if t then 0 else 1
}

fn main(n : Nat) -> Nat {
  return f[Bool](false)
}


STDOUT:
(empty)

STDERR:
ERROR_UNEXPECTED_TYPE_FOR_EXPRESSION:
Error occured at <unknown>:5:12:
t
Expected type Bool, but expr has type T

EXIT_CODE: 1
