INPUT:
language core;
extend with #references, #unit-type;

fn try_assign(n : Nat) -> Unit {
  return n := succ(n)
}

fn main(n : Nat) -> Unit {
  return try_assign(n)
}


STDOUT:
(empty)

STDERR:
ERROR_NOT_A_REFERENCE:
Error occured at <unknown>:5:9:
n
Expected type &?, but expr has type Nat

EXIT_CODE: 1
