INPUT:
language core;
extend with #references, #unit-type;

fn main(n : Nat) -> Unit {
  return <0x1> := n
}


STDOUT:
(empty)

STDERR:
ERROR_AMBIGUOUS_REFERENCE_TYPE:
Error occured at <unknown>:5:9:
<0x1>
Cannot determine concrete reference type of memory address (context expects: &?)

EXIT_CODE: 1
