INPUT:
language core;

extend with 
#type-reconstruction;

fn id(n : auto) -> auto {
  return n;
}

fn main(n : Nat) -> auto {
  return if id(false) then id(0) else id(succ(0));
}


STDOUT:
(empty)

STDERR:
ERROR_UNEXPECTED_TYPE_FOR_EXPRESSION:
Error occured at <unknown>:11:12:
id(false)
Cannot unify Nat with Bool

EXIT_CODE: 1
