INPUT:
language core;

extend with
  #type-reconstruction,
  #lists;
  
fn main(n : auto) -> Nat {
  return if List::head(List::head(n)) then List::head(List::head(n)) else 0;
}


STDOUT:
(empty)

STDERR:
ERROR_UNEXPECTED_TYPE_FOR_EXPRESSION:
Error occured at <unknown>:8:23:
List::head(n)
Cannot unify Nat with Bool

EXIT_CODE: 1
