INPUT:
language core;
extend with #references, #unit-type, #exceptions, #exception-type-declaration, #let-bindings;

exception type = Nat

fn main(n : Nat) -> Bool {
  return try { false } catch { e => new(e) }
}


STDOUT:
(empty)

STDERR:
ERROR_UNEXPECTED_REFERENCE:
Error occured at <unknown>:7:36:
new(e)
Expected type Bool, but expr has type &?

EXIT_CODE: 1
