INPUT:
language core;
extend with #lists;

fn main(n : Nat) -> Bool {
  return List::isempty(n)
}


STDOUT:
(empty)

STDERR:
ERROR_NOT_A_LIST:
Error occured at stella-examples/lists/error/test_err_not_a_list_isempty.stella:5:23:
n
Expected type stella::ast::TypeList, but expr has type Nat

EXIT_CODE: 1
