INPUT:
language core;
extend with #lists, #type-ascriptions;

fn main(n : Nat) -> Nat {
  return List::head(cons(n, ([] as [Bool])))
}


STDOUT:
(empty)

STDERR:
ERROR_UNEXPECTED_TYPE_FOR_EXPRESSION:
Error occured at <unknown>:5:29:
[] as [Bool]
Expected type [Nat], but expr has type [Bool]

EXIT_CODE: 1
