INPUT:
language core;
extend with #lists;

fn main(n : Nat) -> Nat {
  return [n, succ(n)]
}


STDOUT:
(empty)

STDERR:
ERROR_UNEXPECTED_LIST:
Error occured at stella-examples/lists/error/test_err_unexpected_list.stella:5:9:
[n, succ(n)]
Expected type Nat, but node has type stella::ast::TypeList

EXIT_CODE: 1
