INPUT:
language core;
extend with #records, #type-ascriptions;

fn main(n : Nat) -> Nat {
  return ({x = n} as {x : Nat, x : Bool}).x
}


STDOUT:
(empty)

STDERR:
ERROR_DUPLICATE_RECORD_TYPE_FIELDS:
Error type: {x : Nat, x : Bool}
  Type from source: <unknown>:5:21
Duplicate field 'x' in record type

EXIT_CODE: 1
