INPUT:
language core;
extend with #records;

fn main(n : Nat) -> Nat {
  return {x = n, y = false}
}


STDOUT:
(empty)

STDERR:
ERROR_UNEXPECTED_RECORD:
Error occured at stella-examples/records/error/test_err_unexpected_record.stella:5:9:
{x = n, y = false}
Expected type Nat, but node has type stella::ast::TypeRecord

EXIT_CODE: 1
