INPUT:
language core;
extend with #records;

fn main(n : Nat) -> {x : Nat} {
  return {x = n, y = false}
}


STDOUT:
(empty)

STDERR:
ERROR_UNEXPECTED_RECORD_FIELDS:
Error occured at stella-examples/records/error/test_err_unexpected_record_fields.stella:5:9:
{x = n, y = false}
Unexpected record field 'y' not present in expected type

EXIT_CODE: 1
