INPUT:
// Ожидание: ERROR_UNEXPECTED_TYPE_FOR_EXPRESSION
language core;

fn main(n : Nat) -> Nat {
  // s должен иметь тип fn (Nat) -> fn (Nat) -> Nat, но здесь не функция
  return Nat::rec(n, 0, 42)
}

STDOUT:
(empty)

STDERR:
ERROR_UNEXPECTED_TYPE_FOR_EXPRESSION:
Error occured at stella-examples/core/error/test_err_natrec_wrong_s.stella:6:24:
42
Expected type (Nat -> (Nat -> Nat)), but expr has type Nat

EXIT_CODE: 1
