INPUT:
// Ожидание: ERROR_UNEXPECTED_TYPE_FOR_EXPRESSION
language core;

fn main(b : Bool) -> Nat {
  return succ(b)   // succ ожидает Nat
}

STDOUT:
(empty)

STDERR:
ERROR_UNEXPECTED_TYPE_FOR_EXPRESSION:
Error occured at stella-examples/core/error/test_err_succ_on_bool.stella:5:14:
b
Expected type Nat, but expr has type Bool

EXIT_CODE: 1
