INPUT:
// Corner case: ERROR_UNEXPECTED_TYPE_FOR_EXPRESSION
// function return type doesn't match declared return type
language core;

fn main(n : Nat) -> Bool {
  return succ(n)
}


STDOUT:
(empty)

STDERR:
ERROR_UNEXPECTED_TYPE_FOR_EXPRESSION:
Error occured at <unknown>:6:9:
succ(n)
Expected type Bool, but expr has type Nat

EXIT_CODE: 1
