INPUT:
language core;
extend with #type-reconstruction;

fn apply_to_zero(f : auto) -> auto {
  return f(0)
}

fn main(n : auto) -> auto {
  return apply_to_zero(fn(x : auto) { return succ(x) })
}


STDOUT:
(empty)

STDERR:
ERROR_AMBIGUOUS_TYPE:
Ambiguous type: type variable was not inferred
Auto:: auto
  Auto: from source: <unknown>:8:12

EXIT_CODE: 1
