INPUT:
language core;
extend with #type-reconstruction;

fn id(x : auto) -> auto {
  return x
}

fn main(n : auto) -> auto {
  return id(n)
}


STDOUT:
(empty)

STDERR:
ERROR_AMBIGUOUS_TYPE:
Ambiguous type: type variable was not inferred
Auto:: auto
  Auto: from source: <unknown>:4:10

EXIT_CODE: 1
