INPUT:
// Ожидание: ERROR_UNEXPECTED_TYPE_FOR_PARAMETER
language core;

fn apply(f : fn (Nat) -> Nat) -> Nat {
  return f(0)
}

fn main(n : Nat) -> Nat {
  // параметр анонимной функции должен быть Nat, но указан Bool
  return apply(fn (b : Bool) { return if b then 0 else 1 })
}

STDOUT:
(empty)

STDERR:
ERROR_UNEXPECTED_TYPE_FOR_PARAMETER:
Error occured at stella-examples/error/test_err_param_type_mismatch.stella:10:19:
b : Bool
Expected type Nat, but expr has type Bool

EXIT_CODE: 1
