INPUT:
// Ожидание: ERROR_UNEXPECTED_TYPE_FOR_EXPRESSION
language core;

fn main(n : Nat) -> Nat {
  // z должен быть Nat, но передаётся Bool
  return Nat::rec(n, false, fn (prev : Nat) {
    return fn (acc : Nat) { return acc }
  })(0)
}

STDOUT:
(empty)

STDERR:
Parsing error: Unexpected node in AST builder: Nat::rec(n,false,fn(prev:Nat){returnfn(acc:Nat){returnacc}})

EXIT_CODE: 1
