INPUT:
language core;
extend with #variants;

fn main(n : Nat) -> Nat {
  return match <| a = n |> {
    <| a = x |> => x
  }
}


STDOUT:
(empty)

STDERR:
ERROR_AMBIGUOUS_VARIANT_TYPE:
Error occured at <unknown>:5:15:
<| a = n |>
Cannot determine variant type for label 'a': no expected type provided

EXIT_CODE: 1
