INPUT:
language core;
extend with #variants, #type-ascriptions;

fn main(n : Nat) -> Nat {
  return (<| a = n |> as Nat)
}


STDOUT:
(empty)

STDERR:
ERROR_UNEXPECTED_VARIANT:
Error occured at stella-examples/variants/error/test_err_unexpected_variant.stella:5:10:
<| a = n |>
Expected type Nat, but node has type stella::ast::TypeVariant

EXIT_CODE: 1
