INPUT:
language core;
extend with #variants;

fn main(x : <| a : Nat, b : Bool, c : Nat |>) -> Nat {
  return match x {
    <| a = n |> => n
  | <| b = f |> => 0
  }
}


STDOUT:
(empty)

STDERR:
ERROR_NONEXHAUSTIVE_MATCH_PATTERNS:
Error occured at <unknown>:5:9:
match x {
    <| a = n |> => n
  | <| b = f |> => 0
  }
Variant label 'c' not covered in match

EXIT_CODE: 1
