INPUT:
language core;
extend with #let-bindings;

fn main(n : Nat) -> Bool {
  return let x = succ(n) in x
}


STDOUT:
(empty)

STDERR:
ERROR_UNEXPECTED_TYPE_FOR_EXPRESSION:
Error occured at stella-examples/let-bindings/error/test_err_let_body_type_mismatch.stella:5:28:
x
Expected type Bool, but expr has type Nat

EXIT_CODE: 1
