INPUT:
language core;
extend with #let-bindings;

fn main(b : Bool) -> Nat {
  return let x = succ(b) in x
}


STDOUT:
(empty)

STDERR:
ERROR_UNEXPECTED_TYPE_FOR_EXPRESSION:
Error occured at stella-examples/let-bindings/error/test_err_let_init_type_mismatch.stella:5:22:
b
Expected type Nat, but expr has type Bool

EXIT_CODE: 1
