INPUT:
language core;

extend with #records;

fn test(n : Nat) -> {a : {a : Nat, b : Bool}, b : Bool} {
  return { a = { a = 0, b = false }, b = false }
}

fn main(n : Nat) -> {a : {a : Nat}} {
  return test(n)
}


STDOUT:
(empty)

STDERR:
ERROR_UNEXPECTED_TYPE_FOR_EXPRESSION:
Error occured at <unknown>:10:9:
test(n)
Expected type {a : {a : Nat}}, but expr has type {a : {a : Nat, b : Bool}, b : Bool}

EXIT_CODE: 1
